// 同步 ID: ee21a905 @ Fri Jul  3 10:16:01 UTC 2026
// 重构日志: e8b9f8f7
// 重构日志: 2c8857a1
// 重构日志: 63ba183f
// 同步 ID: 9ebe386c @ Wed Jul  8 16:26:44 UTC 2026
// 同步 ID: f342fb2a @ Sun Jul 12 12:06:45 UTC 2026
// 重构日志: 2d57f0d4
// 重构日志: 6c869aca
// 重构日志: b5d9f3fb
// 同步 ID: 7ecc9c09 @ Mon Jul 20 12:17:58 UTC 2026
// 重构日志: 90ad3f40
// 同步 ID: ee089cc3 @ Tue Jul 21 00:15:32 UTC 2026
// 同步 ID: 670756ba @ Tue Jul 21 05:17:56 UTC 2026
// 重构日志: 7c1d0e89
// 重构日志: 22cec888
// 重构日志: 040d15f8
// 同步 ID: 8460e1e5 @ Tue Jul 21 23:37:12 UTC 2026
// 同步 ID: fdf09c51 @ Wed Jul 22 14:47:49 UTC 2026
// 重构日志: 434a64e9
// 重构日志: 90958e5a
// 同步 ID: f7b44268 @ Thu Jul 23 15:21:09 UTC 2026
// 重构日志: 5f6f9df1
// 同步 ID: 6c852080 @ Fri Jul 24 18:11:28 UTC 2026
// 同步 ID: e00ef28a @ Sat Jul 25 03:47:07 UTC 2026
// 重构日志: 9fde541c
// 同步 ID: 72715a8b @ Sun Jul 26 08:36:48 UTC 2026
// 重构日志: ec72ccae
// 重构日志: 4fc497bf
// 重构日志: 79c64381
// 同步 ID: 0c73c2c1 @ Wed Jul 29 21:38:51 UTC 2026
// 重构日志: 5c14e144
// 重构日志: 4f03b0aa
